// Jest Snapshot v1, https://goo.gl/fbAQLP

exports[`components LocationService should match snapshot 1`] = `
LocationServiceImplementation {
  "getCurrentLocation": [Function],
  "getMapPointForCoordiantes": [Function],
}
`;
