// Jest Snapshot v1, https://goo.gl/fbAQLP

exports[`ConfigReader Env config should match snapshot 1`] = `
Object {
  "API_URL": "https://api.github.com/graphql",
  "APP_NAME": "MyApp",
  "APP_PREFIX": "myapp://",
  "GOOGLE_MAPS_API_KEY": "abcdefgh",
  "SENTRY_URI": "https://6bedde4a9c0b4bc5b5a2b17973edc460@sentry.io/1284889",
}
`;

exports[`ConfigReader Should match snapshot 1`] = `
Object {
  "GetEnv": [Function],
}
`;
