// Jest Snapshot v1, https://goo.gl/fbAQLP

exports[`components BusyIndicator should render self and subcomponents 1`] = `
ShallowWrapper {
  Symbol(enzyme.__root__): [Circular],
  Symbol(enzyme.__unrendered__): <BusyIndicator
    isBusy={true}
    type="MaterialIndicator"
  />,
  Symbol(enzyme.__renderer__): Object {
    "batchedUpdates": [Function],
    "getNode": [Function],
    "render": [Function],
    "simulateError": [Function],
    "simulateEvent": [Function],
    "unmount": [Function],
  },
  Symbol(enzyme.__node__): Object {
    "instance": null,
    "key": undefined,
    "nodeType": "class",
    "props": Object {
      "children": <Component
        style={
          Array [
            Object {
              "alignItems": "center",
              "bottom": 0,
              "justifyContent": "center",
              "left": 0,
              "position": "absolute",
              "right": 0,
              "top": 0,
            },
          ]
        }
      >
        <Component
          style={
            Array [
              Object {
                "alignItems": "center",
                "flex": 1,
                "flexDirection": "column",
                "justifyContent": "flex-start",
              },
            ]
          }
        >
          <Unknown
            style={
              Array [
                Object {
                  "alignItems": "flex-end",
                  "flex": 1,
                  "flexDirection": "row",
                  "height": 50,
                  "justifyContent": "center",
                  "opacity": 1,
                  "width": 50,
                },
              ]
            }
            type="MaterialIndicator"
          />
        </Component>
        <Component
          style={
            Object {
              "alignItems": "center",
              "flex": 1,
              "flexDirection": "column",
              "justifyContent": "flex-start",
            }
          }
        >
          <Component
            style={
              Object {
                "color": "#057dc2",
                "fontSize": 20,
                "fontWeight": "normal",
                "marginTop": 5,
                "opacity": 1,
                "textAlign": "center",
              }
            }
          >
            
          </Component>
        </Component>
      </Component>,
      "style": Object {
        "backgroundColor": "rgba(254, 222, 0, 0.3)",
        "bottom": 0,
        "left": 0,
        "position": "absolute",
        "right": 0,
        "top": 0,
      },
      "testID": "1",
    },
    "ref": null,
    "rendered": Object {
      "instance": null,
      "key": undefined,
      "nodeType": "class",
      "props": Object {
        "children": Array [
          <Component
            style={
              Array [
                Object {
                  "alignItems": "center",
                  "flex": 1,
                  "flexDirection": "column",
                  "justifyContent": "flex-start",
                },
              ]
            }
          >
            <Unknown
              style={
                Array [
                  Object {
                    "alignItems": "flex-end",
                    "flex": 1,
                    "flexDirection": "row",
                    "height": 50,
                    "justifyContent": "center",
                    "opacity": 1,
                    "width": 50,
                  },
                ]
              }
              type="MaterialIndicator"
            />
          </Component>,
          <Component
            style={
              Object {
                "alignItems": "center",
                "flex": 1,
                "flexDirection": "column",
                "justifyContent": "flex-start",
              }
            }
          >
            <Component
              style={
                Object {
                  "color": "#057dc2",
                  "fontSize": 20,
                  "fontWeight": "normal",
                  "marginTop": 5,
                  "opacity": 1,
                  "textAlign": "center",
                }
              }
            >
              
            </Component>
          </Component>,
        ],
        "style": Array [
          Object {
            "alignItems": "center",
            "bottom": 0,
            "justifyContent": "center",
            "left": 0,
            "position": "absolute",
            "right": 0,
            "top": 0,
          },
        ],
      },
      "ref": null,
      "rendered": Array [
        Object {
          "instance": null,
          "key": undefined,
          "nodeType": "class",
          "props": Object {
            "children": <Unknown
              style={
                Array [
                  Object {
                    "alignItems": "flex-end",
                    "flex": 1,
                    "flexDirection": "row",
                    "height": 50,
                    "justifyContent": "center",
                    "opacity": 1,
                    "width": 50,
                  },
                ]
              }
              type="MaterialIndicator"
            />,
            "style": Array [
              Object {
                "alignItems": "center",
                "flex": 1,
                "flexDirection": "column",
                "justifyContent": "flex-start",
              },
            ],
          },
          "ref": null,
          "rendered": Object {
            "instance": null,
            "key": undefined,
            "nodeType": "function",
            "props": Object {
              "style": Array [
                Object {
                  "alignItems": "flex-end",
                  "flex": 1,
                  "flexDirection": "row",
                  "height": 50,
                  "justifyContent": "center",
                  "opacity": 1,
                  "width": 50,
                },
              ],
              "type": "MaterialIndicator",
            },
            "ref": null,
            "rendered": null,
            "type": [Function],
          },
          "type": [Function],
        },
        Object {
          "instance": null,
          "key": undefined,
          "nodeType": "class",
          "props": Object {
            "children": Array [
              <Component
                style={
                  Object {
                    "color": "#057dc2",
                    "fontSize": 20,
                    "fontWeight": "normal",
                    "marginTop": 5,
                    "opacity": 1,
                    "textAlign": "center",
                  }
                }
              >
                
              </Component>,
              null,
            ],
            "style": Object {
              "alignItems": "center",
              "flex": 1,
              "flexDirection": "column",
              "justifyContent": "flex-start",
            },
          },
          "ref": null,
          "rendered": Array [
            Object {
              "instance": null,
              "key": undefined,
              "nodeType": "class",
              "props": Object {
                "children": "",
                "style": Object {
                  "color": "#057dc2",
                  "fontSize": 20,
                  "fontWeight": "normal",
                  "marginTop": 5,
                  "opacity": 1,
                  "textAlign": "center",
                },
              },
              "ref": null,
              "rendered": "",
              "type": [Function],
            },
            null,
          ],
          "type": [Function],
        },
      ],
      "type": [Function],
    },
    "type": [Function],
  },
  Symbol(enzyme.__nodes__): Array [
    Object {
      "instance": null,
      "key": undefined,
      "nodeType": "class",
      "props": Object {
        "children": <Component
          style={
            Array [
              Object {
                "alignItems": "center",
                "bottom": 0,
                "justifyContent": "center",
                "left": 0,
                "position": "absolute",
                "right": 0,
                "top": 0,
              },
            ]
          }
        >
          <Component
            style={
              Array [
                Object {
                  "alignItems": "center",
                  "flex": 1,
                  "flexDirection": "column",
                  "justifyContent": "flex-start",
                },
              ]
            }
          >
            <Unknown
              style={
                Array [
                  Object {
                    "alignItems": "flex-end",
                    "flex": 1,
                    "flexDirection": "row",
                    "height": 50,
                    "justifyContent": "center",
                    "opacity": 1,
                    "width": 50,
                  },
                ]
              }
              type="MaterialIndicator"
            />
          </Component>
          <Component
            style={
              Object {
                "alignItems": "center",
                "flex": 1,
                "flexDirection": "column",
                "justifyContent": "flex-start",
              }
            }
          >
            <Component
              style={
                Object {
                  "color": "#057dc2",
                  "fontSize": 20,
                  "fontWeight": "normal",
                  "marginTop": 5,
                  "opacity": 1,
                  "textAlign": "center",
                }
              }
            >
              
            </Component>
          </Component>
        </Component>,
        "style": Object {
          "backgroundColor": "rgba(254, 222, 0, 0.3)",
          "bottom": 0,
          "left": 0,
          "position": "absolute",
          "right": 0,
          "top": 0,
        },
        "testID": "1",
      },
      "ref": null,
      "rendered": Object {
        "instance": null,
        "key": undefined,
        "nodeType": "class",
        "props": Object {
          "children": Array [
            <Component
              style={
                Array [
                  Object {
                    "alignItems": "center",
                    "flex": 1,
                    "flexDirection": "column",
                    "justifyContent": "flex-start",
                  },
                ]
              }
            >
              <Unknown
                style={
                  Array [
                    Object {
                      "alignItems": "flex-end",
                      "flex": 1,
                      "flexDirection": "row",
                      "height": 50,
                      "justifyContent": "center",
                      "opacity": 1,
                      "width": 50,
                    },
                  ]
                }
                type="MaterialIndicator"
              />
            </Component>,
            <Component
              style={
                Object {
                  "alignItems": "center",
                  "flex": 1,
                  "flexDirection": "column",
                  "justifyContent": "flex-start",
                }
              }
            >
              <Component
                style={
                  Object {
                    "color": "#057dc2",
                    "fontSize": 20,
                    "fontWeight": "normal",
                    "marginTop": 5,
                    "opacity": 1,
                    "textAlign": "center",
                  }
                }
              >
                
              </Component>
            </Component>,
          ],
          "style": Array [
            Object {
              "alignItems": "center",
              "bottom": 0,
              "justifyContent": "center",
              "left": 0,
              "position": "absolute",
              "right": 0,
              "top": 0,
            },
          ],
        },
        "ref": null,
        "rendered": Array [
          Object {
            "instance": null,
            "key": undefined,
            "nodeType": "class",
            "props": Object {
              "children": <Unknown
                style={
                  Array [
                    Object {
                      "alignItems": "flex-end",
                      "flex": 1,
                      "flexDirection": "row",
                      "height": 50,
                      "justifyContent": "center",
                      "opacity": 1,
                      "width": 50,
                    },
                  ]
                }
                type="MaterialIndicator"
              />,
              "style": Array [
                Object {
                  "alignItems": "center",
                  "flex": 1,
                  "flexDirection": "column",
                  "justifyContent": "flex-start",
                },
              ],
            },
            "ref": null,
            "rendered": Object {
              "instance": null,
              "key": undefined,
              "nodeType": "function",
              "props": Object {
                "style": Array [
                  Object {
                    "alignItems": "flex-end",
                    "flex": 1,
                    "flexDirection": "row",
                    "height": 50,
                    "justifyContent": "center",
                    "opacity": 1,
                    "width": 50,
                  },
                ],
                "type": "MaterialIndicator",
              },
              "ref": null,
              "rendered": null,
              "type": [Function],
            },
            "type": [Function],
          },
          Object {
            "instance": null,
            "key": undefined,
            "nodeType": "class",
            "props": Object {
              "children": Array [
                <Component
                  style={
                    Object {
                      "color": "#057dc2",
                      "fontSize": 20,
                      "fontWeight": "normal",
                      "marginTop": 5,
                      "opacity": 1,
                      "textAlign": "center",
                    }
                  }
                >
                  
                </Component>,
                null,
              ],
              "style": Object {
                "alignItems": "center",
                "flex": 1,
                "flexDirection": "column",
                "justifyContent": "flex-start",
              },
            },
            "ref": null,
            "rendered": Array [
              Object {
                "instance": null,
                "key": undefined,
                "nodeType": "class",
                "props": Object {
                  "children": "",
                  "style": Object {
                    "color": "#057dc2",
                    "fontSize": 20,
                    "fontWeight": "normal",
                    "marginTop": 5,
                    "opacity": 1,
                    "textAlign": "center",
                  },
                },
                "ref": null,
                "rendered": "",
                "type": [Function],
              },
              null,
            ],
            "type": [Function],
          },
        ],
        "type": [Function],
      },
      "type": [Function],
    },
  ],
  Symbol(enzyme.__options__): Object {
    "adapter": ReactSixteenAdapter {
      "options": Object {
        "enableComponentDidUpdateOnSetState": true,
        "lifecycles": Object {
          "componentDidUpdate": Object {
            "onSetState": true,
          },
          "getDerivedStateFromProps": true,
          "getSnapshotBeforeUpdate": true,
          "setState": Object {
            "skipsComponentDidUpdateOnNullish": true,
          },
        },
      },
    },
    "attachTo": undefined,
    "hydrateIn": undefined,
  },
}
`;
